Nothing to build in platform 'neural_network_platform'

11:34:56 **** Incremental Build of configuration Debug for project neural_network_application ****
make all 
make --no-print-directory pre-build
a9-linaro-pre-build-step
 
make --no-print-directory main-build
Building file: ../src/helloworld.c
Invoking: ARM v7 gcc compiler
arm-none-eabi-gcc -Wall -O0 -g3 -c -fmessage-length=0 -MT"src/helloworld.o" -mcpu=cortex-a9 -mfpu=vfpv3 -mfloat-abi=hard -I/home/jakub/Documents/PyCharmProjects/epilepsy_detection_ieeg/hardware/UCI/neural_network_vitis/neural_network_platform/export/neural_network_platform/sw/neural_network_platform/standalone_domain/bspinclude/include -MMD -MP -MF"src/helloworld.d" -MT"src/helloworld.o" -o "src/helloworld.o" "../src/helloworld.c"
Finished building: ../src/helloworld.c
 
Building target: neural_network_application.elf
Invoking: ARM v7 gcc linker
arm-none-eabi-gcc -mcpu=cortex-a9 -mfpu=vfpv3 -mfloat-abi=hard -Wl,-build-id=none -specs=Xilinx.spec -Wl,-T -Wl,../src/lscript.ld -L/home/jakub/Documents/PyCharmProjects/epilepsy_detection_ieeg/hardware/UCI/neural_network_vitis/neural_network_platform/export/neural_network_platform/sw/neural_network_platform/standalone_domain/bsplib/lib -o "neural_network_application.elf"  ./src/helloworld.o ./src/platform.o   -Wl,--start-group,-lxil,-lgcc,-lc,--end-group
Finished building target: neural_network_application.elf
 
Invoking: ARM v7 Print Size
arm-none-eabi-size neural_network_application.elf  |tee "neural_network_application.elf.size"
   text	   data	    bss	    dec	    hex	filename
  63504	   2564	  22672	  88740	  15aa4	neural_network_application.elf
Finished building: neural_network_application.elf.size
 
11:34:59 **** Incremental Build of configuration Debug for project neural_network_application_system ****
make all 
Generating bif file for the system project
Executing command '::scw::generate_bif -xpfm /home/jakub/Documents/PyCharmProjects/epilepsy_detection_ieeg/hardware/UCI/neural_network_vitis/neural_network_platform/export/neural_network_platform/neural_network_platform.xpfm -domains standalone_domain -bifpath /home/jakub/Documents/PyCharmProjects/epilepsy_detection_ieeg/hardware/UCI/neural_network_vitis/neural_network_application_system/Debug/system.bif' on XSCT
sdcard_gen --xpfm /home/jakub/Documents/PyCharmProjects/epilepsy_detection_ieeg/hardware/UCI/neural_network_vitis/neural_network_platform/export/neural_network_platform/neural_network_platform.xpfm --sys_config neural_network_platform --bif /home/jakub/Documents/PyCharmProjects/epilepsy_detection_ieeg/hardware/UCI/neural_network_vitis/neural_network_application_system/Debug/system.bif --bitstream /home/jakub/Documents/PyCharmProjects/epilepsy_detection_ieeg/hardware/UCI/neural_network_vitis/neural_network_application/_ide/bitstream/design_1_wrapper.bit --elf /home/jakub/Documents/PyCharmProjects/epilepsy_detection_ieeg/hardware/UCI/neural_network_vitis/neural_network_application/Debug/neural_network_application.elf,ps7_cortexa9_0
creating BOOT.BIN using /home/jakub/Documents/PyCharmProjects/epilepsy_detection_ieeg/hardware/UCI/neural_network_vitis/neural_network_application/_ide/bitstream/design_1_wrapper.bit
Running /home/jakub/apps/Xilinx/Vitis/2020.2/bin/bootgen  -image /home/jakub/Documents/PyCharmProjects/epilepsy_detection_ieeg/hardware/UCI/neural_network_vitis/neural_network_application_system/Debug/sd_card_temp/boot.bif -w -o i BOOT.BIN
