

================================================================
== Synthesis Summary Report of 'feedforward'
================================================================
+ General Information: 
    * Date:           Mon Jan 31 15:29:39 2022
    * Version:        2020.2 (Build 3064766 on Wed Nov 18 09:12:47 MST 2020)
    * Project:        neural_network_hls_ar
    * Solution:       solution1 (Vivado IP Flow Target)
    * Product family: zynq
    * Target device:  xc7z020-clg400-1
    

+ Performance & Resource Estimates: 
    
    PS: '+' for module; 'o' for loop; '*' for dataflow
    +-------------------------------+--------+-------+---------+-----------+----------+---------+------+----------+------+----------+-----------+------------+-----+
    |            Modules            |  Issue |       | Latency |  Latency  | Iteration|         | Trip |          |      |          |           |            |     |
    |            & Loops            |  Type  | Slack | (cycles)|    (ns)   |  Latency | Interval| Count| Pipelined| BRAM |    DSP   |     FF    |     LUT    | URAM|
    +-------------------------------+--------+-------+---------+-----------+----------+---------+------+----------+------+----------+-----------+------------+-----+
    |+ feedforward                  |  Timing|   0.50|      580|  5.800e+03|         -|      581|     -|        no|     -|  65 (29%)|  6445 (6%)|  9407 (17%)|    -|
    | o Loop 1                      |       -|  -8.00|       16|    160.000|         1|        1|    16|       yes|     -|         -|          -|           -|    -|
    | o Loop 2                      |       -|  -8.00|       16|    160.000|         1|        1|    16|       yes|     -|         -|          -|           -|    -|
    | o loop_input_1                |      II|  -8.00|      181|  1.810e+03|        22|       16|    11|       yes|     -|         -|          -|           -|    -|
    | o loop_activation_function_1  |       -|  -8.00|      160|  1.600e+03|        10|       10|    16|       yes|     -|         -|          -|           -|    -|
    | o loop_input_2                |       -|  -8.00|      160|  1.600e+03|        11|       10|    16|       yes|     -|         -|          -|           -|    -|
    +-------------------------------+--------+-------+---------+-----------+----------+---------+------+----------+------+----------+-----------+------------+-----+

