

================================================================
== Synthesis Summary Report of 'feedforward'
================================================================
+ General Information: 
    * Date:           Fri Jan 28 22:03:50 2022
    * Version:        2020.2 (Build 3064766 on Wed Nov 18 09:12:47 MST 2020)
    * Project:        neural_network_hls
    * Solution:       solution1 (Vivado IP Flow Target)
    * Product family: zynq
    * Target device:  xc7z020-clg400-1
    

+ Performance & Resource Estimates: 
    
    PS: '+' for module; 'o' for loop; '*' for dataflow
    +-------------------------------+--------+-------+---------+-----------+----------+---------+------+----------+----------+---------+-----------+------------+-----+
    |            Modules            |  Issue |       | Latency |  Latency  | Iteration|         | Trip |          |          |         |           |            |     |
    |            & Loops            |  Type  | Slack | (cycles)|    (ns)   |  Latency | Interval| Count| Pipelined|   BRAM   |   DSP   |     FF    |     LUT    | URAM|
    +-------------------------------+--------+-------+---------+-----------+----------+---------+------+----------+----------+---------+-----------+------------+-----+
    |+ feedforward                  |  Timing|   1.81|    16410|  1.641e+05|         -|    16411|     -|        no|  37 (13%)|  12 (5%)|  3768 (3%)|  5394 (10%)|    -|
    | o Loop 1                      |       -|  -8.00|       72|    720.000|         1|        1|    72|       yes|         -|        -|          -|           -|    -|
    | o Loop 2                      |       -|  -8.00|       72|    720.000|         1|        1|    72|       yes|         -|        -|          -|           -|    -|
    | o loop_input_1                |      II|  -8.00|    14774|  1.477e+05|        83|       83|   178|       yes|         -|        -|          -|           -|    -|
    | o loop_activation_function_1  |       -|  -8.00|      720|  7.200e+03|        10|       10|    72|       yes|         -|        -|          -|           -|    -|
    | o loop_input_2                |       -|  -8.00|      725|  7.250e+03|        11|       10|    72|       yes|         -|        -|          -|           -|    -|
    +-------------------------------+--------+-------+---------+-----------+----------+---------+------+----------+----------+---------+-----------+------------+-----+

